1. Потоки ввода/вывода. 
Создать файл, используя команду echo. Используя команду cat, прочитать содержимое всех файлов каталога etc, ошибки перенаправить в отдельный файл.

linux@linux-VirtualBox:~$ echo > file.txt
linux@linux-VirtualBox:~$ ll file.txt
-rw-rw-r-- 1 linux linux 1 мар  5 09:13 file.txt

linux@linux-VirtualBox:~$ find  /etc/* > file.txt > errors.txt
find: ‘/etc/cups/ssl’: Отказано в доступе
find: ‘/etc/polkit-1/localauthority’: Отказано в доступе
find: ‘/etc/ssl/private’: Отказано в доступе
linux@linux-VirtualBox:~$ tail file.txt
linux@linux-VirtualBox:~$ tail errors.txt
/etc/xml
/etc/xml/xml-core.xml.old
/etc/xml/docbook-xml.xml
/etc/xml/catalog.old
/etc/xml/sgml-data.xml
/etc/xml/xml-core.xml
/etc/xml/sgml-data.xml.old
/etc/xml/catalog
/etc/xml/docbook-xml.xml.old
/etc/zsh_command_not_found
linux@linux-VirtualBox:~$ 

2. Конвейер (pipeline). Использовать команду cut на вывод длинного списка каталога, чтобы отобразить только права доступа к файлам. Затем отправить в конвейере этот вывод на sort и uniq, чтобы отфильтровать все повторяющиеся строки.

inux@linux-VirtualBox:~$ ll -ld /etc/* | cut -f1 -d " " | sort | uniq
drwxr-s---
drwxr-xr-x
lrwxrwxrwx
-r--r-----
-r--r--r--
-rw-r-----
-rw-r--r--
-rw-rw-r--
linux@linux-VirtualBox:~$ 

3. Управление процессами. Изменить конфигурационный файл службы SSH: /etc/ssh/sshd_config, отключив аутентификацию по паролю PasswordAuthentication no. Выполните рестарт службы systemctl restart sshd (service sshd restart), верните аутентификацию по паролю, выполните reload службы systemctl reload sshd (services sshd reload). В чём различие между действиями restart и reload? Создайте файл при помощи команды cat > file_name, напишите текст и завершите комбинацией ctrl+d. Какой сигнал передадим процессу?

linux@linux-VirtualBox:~$ sudo nano /etc/ssh/sshd_config

# Example of overriding settings on a per-user basis
#Match User anoncvs
#       X11Forwarding no
#       AllowTcpForwarding no
#       PermitTTY no
#       ForceCommand cvs server
PasswordAuthentication no

linux@linux-VirtualBox:~$ sudo systemctl restart sshd # служба полностью прекратится и заново запустится

linux@linux-VirtualBox:~$ sudo nano /etc/ssh/sshd_config

# Example of overriding settings on a per-user basis
#Match User anoncvs
#       X11Forwarding no
#       AllowTcpForwarding no
#       PermitTTY no
#       ForceCommand cvs server
PasswordAuthentication yes

linux@linux-VirtualBox:~$ sudo systemctl reload sshd # служба продолжит работать, но перечитает конфигурационный файл не прерывая свою работу

linux@linux-VirtualBox:~$ sudo systemctl status sshd
● ssh.service - OpenBSD Secure Shell server
     Loaded: loaded (/lib/systemd/system/ssh.service; enabled; vendor preset: enabled)
     Active: active (running) since Sat 2022-03-05 10:20:21 MSK; 7min ago
       Docs: man:sshd(8)
             man:sshd_config(5)
    Process: 6460 ExecStartPre=/usr/sbin/sshd -t (code=exited, status=0/SUCCESS)
    Process: 6469 ExecReload=/usr/sbin/sshd -t (code=exited, status=0/SUCCESS)
    Process: 6470 ExecReload=/bin/kill -HUP $MAINPID (code=exited, status=0/SUCCESS)
   Main PID: 6461 (sshd)
      Tasks: 1 (limit: 2295)
     Memory: 1.4M
     CGroup: /system.slice/ssh.service
             └─6461 sshd: /usr/sbin/sshd -D [listener] 0 of 10-100 startups

мар 05 10:20:21 linux-VirtualBox systemd[1]: Starting OpenBSD Secure Shell server...
мар 05 10:20:21 linux-VirtualBox sshd[6461]: Server listening on 0.0.0.0 port 22.
мар 05 10:20:21 linux-VirtualBox sshd[6461]: Server listening on :: port 22.
мар 05 10:20:21 linux-VirtualBox systemd[1]: Started OpenBSD Secure Shell server.
мар 05 10:24:23 linux-VirtualBox systemd[1]: Reloading OpenBSD Secure Shell server.
мар 05 10:24:23 linux-VirtualBox sshd[6461]: Received SIGHUP; restarting.
мар 05 10:24:23 linux-VirtualBox systemd[1]: Reloaded OpenBSD Secure Shell server.
мар 05 10:24:23 linux-VirtualBox sshd[6461]: Server listening on 0.0.0.0 port 22.
мар 05 10:24:23 linux-VirtualBox sshd[6461]: Server listening on :: port 22.


linux@linux-VirtualBox:~$ cat > file_name
text
text
text
linux@linux-VirtualBox:~$ ll file_name
-rw-rw-r-- 1 linux linux 15 мар  5 10:35 file_name
linux@linux-VirtualBox:~$ cat file_name
text
text
text
linux@linux-VirtualBox:~$ 

# ctrl+d завершает работу программы cat

4. Сигналы процессам. Запустите mc. Используя ps, найдите PID процесса, завершите процесс, передав ему сигнал 9.

linux@linux-VirtualBox:~$ ps aux | grep firefox
linux       6141 26.8 15.7 3189704 318788 ?      Sl   10:08   0:12 /usr/lib/firefox/firefox
linux       6222  1.5  4.8 2409184 98184 ?       Sl   10:08   0:00 /usr/lib/firefox/firefox -contentproc -childID 1 -isForBrowser -prefsLen 1 -prefMapSize 238321 -jsInitLen 279340 -parentBuildID 20220202182137 -appDir /usr/lib/firefox/browser 6141 true tab
linux       6244  2.8  7.1 2477768 144208 ?      Sl   10:08   0:01 /usr/lib/firefox/firefox -contentproc -childID 2 -isForBrowser -prefsLen 119 -prefMapSize 238321 -jsInitLen 279340 -parentBuildID 20220202182137 -appDir /usr/lib/firefox/browser 6141 true tab
linux       6271  1.4  5.9 2466456 119860 ?      Sl   10:08   0:00 /usr/lib/firefox/firefox -contentproc -childID 3 -isForBrowser -prefsLen 1198 -prefMapSize 238321 -jsInitLen 279340 -parentBuildID 20220202182137 -appDir /usr/lib/firefox/browser 6141 true tab
linux       6343  0.2  3.6 2377568 73588 ?       Sl   10:08   0:00 /usr/lib/firefox/firefox -contentproc -childID 4 -isForBrowser -prefsLen 8262 -prefMapSize 238321 -jsInitLen 279340 -parentBuildID 20220202182137 -appDir /usr/lib/firefox/browser 6141 true tab
linux       6363  0.2  3.6 2378112 73924 ?       Sl   10:08   0:00 /usr/lib/firefox/firefox -contentproc -childID 5 -isForBrowser -prefsLen 9711 -prefMapSize 238321 -jsInitLen 279340 -parentBuildID 20220202182137 -appDir /usr/lib/firefox/browser 6141 true tab
linux       6377  0.3  3.6 2378112 73284 ?       Sl   10:08   0:00 /usr/lib/firefox/firefox -contentproc -childID 6 -isForBrowser -prefsLen 9702 -prefMapSize 238321 -jsInitLen 279340 -parentBuildID 20220202182137 -appDir /usr/lib/firefox/browser 6141 true tab
linux       6404  0.0  0.0   9072   720 pts/0    S+   10:08   0:00 grep --color=auto firefox

linux@linux-VirtualBox:~$ kill -s 9 6141
linux@linux-VirtualBox:~$ ps aux | grep firefox
linux       6442  0.0  0.0   9072   720 pts/0    S+   10:10   0:00 grep --color=auto firefox
linux@linux-VirtualBox:~$ 
